
> portfolio-temp@0.0.0 build
> vite build

[36mvite v8.0.3 [32mbuilding client environment for production...[36m[39m
[2K
transforming...Γ£ô 1014 modules transformed.
rendering chunks...
computing gzip size...
dist/index.html                               0.92 kB Γöé gzip:   0.51 kB
dist/assets/index-B7F-ZSyU.css               54.28 kB Γöé gzip:   9.13 kB
dist/assets/index-BPv6v9Aq.js               402.83 kB Γöé gzip: 130.06 kB
dist/assets/AnimatedBackground-Ckfb95GV.js  881.99 kB Γöé gzip: 235.16 kB

[32mΓ£ô built in 435ms[39m
node.exe : [33m[plugin 
builtin:vite-reporter] 
At line:1 char:1
+ & "C:\Program 
Files\nodejs/node.exe" "
C:\Users\satwi\AppData\R
oaming\ ...
+ ~~~~~~~~~~~~~~~~~~~~~~
~~~~~~~~~~~~~~~~~~~~~~~~
~~~~~~~~~~~~~~~~~~~~~~~
    + CategoryInfo      
        : NotSpecified: 
(    [33m[plugin 
builtin:v    
ite-reporter] :String   
 ) [], RemoteException
    + 
FullyQualifiedError    
Id : NativeCommandErr   
 or
 
(!) Some chunks are 
larger than 500 kB 
after minification. 
Consider:
- Using dynamic 
import() to code-split 
the application
- Use build.rolldownOpti
ons.output.codeSplitting
 to improve chunking: ht
tps://rolldown.rs/refere
nce/OutputOptions.codeSp
litting
- Adjust chunk size 
limit for this warning 
via build.chunkSizeWarni
ngLimit.[39m
